PAGE LOG: %cDownload the React DevTools for a better development experience: https://reactjs.org/link/react-devtools font-weight:bold
PAGE LOG: ΓÜá∩╕Å React Router Future Flag Warning: React Router will begin wrapping state updates in `React.startTransition` in v7. You can use the `v7_startTransition` future flag to opt-in early. For more information, see https://reactrouter.com/v6/upgrading/future#v7_starttransition.
PAGE LOG: ΓÜá∩╕Å React Router Future Flag Warning: Relative route resolution within Splat routes is changing in v7. You can use the `v7_relativeSplatPath` future flag to opt-in early. For more information, see https://reactrouter.com/v6/upgrading/future#v7_relativesplatpath.
PAGE LOG: Warning: React does not recognize the `%s` prop on a DOM element. If you intentionally want it to appear in the DOM as a custom attribute, spell it as lowercase `%s` instead. If you accidentally passed it from a parent component, remove it from the DOM element.%s fetchPriority fetchpriority 
    at img
    at MotionComponent (http://localhost:3000/static/js/bundle.js:60068:59)
    at PopChildMeasure (http://localhost:3000/static/js/bundle.js:56819:1)
    at PopChild (http://localhost:3000/static/js/bundle.js:56840:3)
    at PresenceChild (http://localhost:3000/static/js/bundle.js:56928:3)
    at AnimatePresence (http://localhost:3000/static/js/bundle.js:57054:3)
    at div
    at section
    at Hero (http://localhost:3000/static/js/src_pages_FFCKHome_jsx.chunk.js:334:64)
    at div
    at Home
    at RenderedRoute (http://localhost:3000/static/js/bundle.js:39609:5)
    at Outlet (http://localhost:3000/static/js/bundle.js:40256:26)
    at Suspense
    at main
    at div
    at FFCKLayout (http://localhost:3000/static/js/bundle.js:181:81)
    at RenderedRoute (http://localhost:3000/static/js/bundle.js:39609:5)
    at Routes (http://localhost:3000/static/js/bundle.js:40343:5)
    at div
    at MotionComponent (http://localhost:3000/static/js/bundle.js:60068:59)
    at PresenceChild (http://localhost:3000/static/js/bundle.js:56928:3)
    at AnimatePresence (http://localhost:3000/static/js/bundle.js:57054:3)
    at AnimatedRoutes (http://localhost:3000/static/js/bundle.js:230:81)
    at EventProvider (http://localhost:3000/static/js/bundle.js:2593:3)
    at SermonProvider (http://localhost:3000/static/js/bundle.js:2677:3)
    at DonationProvider (http://localhost:3000/static/js/bundle.js:2510:3)
    at ErrorBoundary (http://localhost:3000/static/js/bundle.js:58:5)
    at App (http://localhost:3000/static/js/bundle.js:483:81)
    at Router (http://localhost:3000/static/js/bundle.js:40277:15)
    at BrowserRouter (http://localhost:3000/static/js/bundle.js:38178:5)
    at _HelmetProvider (http://localhost:3000/static/js/bundle.js:36460:5)
BODY LENGTH: 29587
FIRST 500 CHARS OF BODY: 
    <noscript>You need to enable JavaScript to run this app.</noscript>
    <div id="root"><div style="opacity: 1;"><div class="page-shell overflow-x-hidden"><header class="navbar-shell navbar-shell--default fixed inset-x-0 top-0 z-50 py-3.5" style="background: url(&quot;/images/b2.jpg&quot;) center center / cover no-repeat;"><div class="mx-auto max-w-[92rem] px-4 sm:px-6 lg:px-10"><div class="navbar-scripture-wrap "><div class="navbar-scripture"><span class="navbar-scripture__eyebrow">Word for
